token: begin	lexical unit: BEG
token: daz	lexical unit: VARNAME
token: :=	lexical unit: ASSIGN
token: 5	lexical unit: NUMBER
token: print	lexical unit: PRINT
token: (	lexical unit: LPAREN
token: daz	lexical unit: VARNAME
token: )	lexical unit: RPAREN
no closing coment signal found
