token: begin	lexical unit: BEG
token: read	lexical unit: READ
token: (	lexical unit: LPAREN
token: a	lexical unit: VARNAME
token: )	lexical unit: RPAREN
token: print	lexical unit: PRINT
token: (	lexical unit: LPAREN
Illegal character: A
token: )	lexical unit: RPAREN
token: print	lexical unit: PRINT
token: (	lexical unit: LPAREN
Illegal character: ?
token: )	lexical unit: RPAREN
token: print	lexical unit: PRINT
token: (	lexical unit: LPAREN
token: 78	lexical unit: NUMBER
token: )	lexical unit: RPAREN
token: end	lexical unit: END
Variables :
a   2
